100-150(125+/-25) mon
this -100-300(133.333+/-1.7e+02) day
100-200(150+/-50) 200-300(250+/-50)
Ending in dot 100-200(150+/-50).
Startint 100.000000-300.000000(200.067+/-82)
Startfloat 100.100000-300.100000(200.067+/-82)
Floating 100-200(150+/-50) 1.500000-2.500000(2+/-0.5)
Same number 100 equals
