Small number 1, Large number 1000-2000(1500+/-5e+02)
Small number 2, Large number 5000-100000(52500+/-4.8e+04)
